<html>
<body>
<pre>
<h1>µVision Build Log</h1>
<h2>Tool Versions:</h2>
IDE-Version: ¦ÌVision V5.14.0.0
Copyright (C) 2015 ARM Ltd and ARM Germany GmbH. All rights reserved.
License Information: New Order, UESTC, LIC=GE774-FEK5W-QHF8A-1PZA7-P41UH-BQS84
 
Tool Versions:
Toolchain:       MDK-ARM Professional  Version: 5.14.0.0
Toolchain Path:  D:\Keil_v5\ARM\ARMCC\Bin
C Compiler:      Armcc.exe V5.05 update 1 (build 106)
Assembler:       Armasm.exe V5.05 update 1 (build 106)
Linker/Locator:  ArmLink.exe V5.05 update 1 (build 106)
Library Manager: ArmAr.exe V5.05 update 1 (build 106)
Hex Converter:   FromElf.exe V5.05 update 1 (build 106)
CPU DLL:         SARMCM3.DLL V5.14.0.0
Dialog DLL:      DCM.DLL V1.13.1.0
Target DLL:      Segger\JL2CM3.dll V2.99.13.0
Dialog DLL:      TCM.DLL V1.14.4.0
 
<h2>Project:</h2>
C:\Users\TF-PC\Desktop\EE&NE\EE-Project-ADC\USER\ADC.uvprojx
Project File Date:  11/03/2016

<h2>Output:</h2>
Build target 'Target 1'
compiling main.c...
..\HARDWARE\hc04\hc04.h(15): warning:  #1-D: last line of file ends without a newline
  #endif
entrance.h(8): warning:  #1-D: last line of file ends without a newline
  #endif
main.c(20): warning:  #177-D: variable "t" was declared but never referenced
        u8 t;
main.c(21): warning:  #177-D: variable "key" was declared but never referenced
        u8 key;
main.c(23): warning:  #177-D: variable "sendbuf" was declared but never referenced
        u8 sendbuf[20];   
main.c(25): warning:  #177-D: variable "temp" was declared but never referenced
        float temp;
main.c: 6 warnings, 0 errors
compiling entrance.c...
..\HARDWARE\hc04\hc04.h(15): warning:  #1-D: last line of file ends without a newline
  #endif
entrance.h(8): warning:  #1-D: last line of file ends without a newline
  #endif
entrance.c(160): warning:  #1-D: last line of file ends without a newline
  }
entrance.c: 3 warnings, 0 errors
compiling hc05.c...
compiling OLED_I2C.c...
compiling hc04.c...
..\HARDWARE\hc04\hc04.h(15): warning:  #1-D: last line of file ends without a newline
  #endif
..\HARDWARE\hc04\hc04.c(197): warning:  #1-D: last line of file ends without a newline
  }
..\HARDWARE\hc04\hc04.c: 2 warnings, 0 errors
linking...
Program Size: Code=22986 RO-data=2922 RW-data=1324 ZI-data=2252  
FromELF: creating hex file...
"..\OBJ\ADC.axf" - 0 Error(s), 11 Warning(s).

<h2>Collection of Component include folders:</h2>
  C:\Users\TF-PC\Desktop\EE&NE\EE-Project-ADC\USER\RTE
  D:\Keil_v5\ARM\PACK\Keil\STM32F1xx_DFP\1.0.5\Device\Include

<h2>Collection of Component Files used:</h2>
</pre>
</body>
</html>
